// Jest Snapshot v1, https://goo.gl/fbAQLP

exports[`<App /> snapshot 1`] = `
<div
  className="App"
>
  <header
    className="App-header"
  >
    <img
      alt="logo"
      className="App-logo"
      src="./logo.svg"
    />
    <h1
      className="App-title"
    >
      Welcome to React
    </h1>
  </header>
  <p
    className="App-intro"
  >
    To get started, edit 
    <code>
      src/App.tsx
    </code>
     and save to reload.
    <div
      className="alert alert-primary"
      role="alert"
    >
      This should be pretty colored if bootstrap loads. Otherwhise something went wrong ^^
    </div>
  </p>
  <BookingDayView
    date="1979-10-12"
  />
</div>
`;
